
> choir@0.0.1 build:extension
> tsc -p ./

